
================================================================================
  WP1 -- REPLICATION AND VALIDATION OF THE BASE PAPER
  run_01_validate_paper.py  |  Lv et al. (2026), Healthcare 14(1):99
================================================================================

Run settings
--------------------
  replications per policy                100 
  base seed                              20250402 
  worker processes                       14 
  horizon                                10080 min  (1 operational week)
  quick mode                             off 
  policies                               IFP, ALT, SBP 
  SBP thresholds                         k1=13.1, k2=2.1 (paper optimum) 

STEP 1  Model parameterisation and analytic load
----------------------------------------------------
  weekly arrivals  E[N]  (Table 2 sum)   2218.9 patients / week
  peak hourly rate  lambda*              23.05 patients / hour
  triage mix                             25% Level III / 75% Level IV 
  targets  T_3 / T_4                     30 / 120 min
  initial consult  TruncExp(1/9,[5,15])  nominal 9.00 -> realised 9.093 min
  follow-up consult TruncExp(1/15,[5,25]) nominal 15.00 -> realised 12.841 min
  P(needs diagnostics)                   60% 
  shifts (M / A / N)                     5 / 5 / 3 

  physician-minutes DEMANDED / week      37,271 
  physician-minutes SUPPLIED / week      42,840 
  offered load  rho = demand / supply    0.8700 

  The paper reports 84.98-85.43% physician utilisation.  An analytic offered load of 87.0% is consistent with that: it is what the published arrival table, service-time distributions and staffing levels imply, and it confirms the parameterisation is right before any simulation is run.

  Table 2 arrival rates lambda_{d,h} (every 3rd hour shown)
  day   00h   03h   06h    09h    12h    15h    18h    21h  day total
  ---  ----  ----  ----  -----  -----  -----  -----  -----  ---------
  Mon  7.84  3.70  6.78  21.59  15.55  18.28  16.87  17.53      327.1
  Tue  7.50  3.33  6.39  21.26  15.18  18.14  16.46  17.23      319.2
  Wed  7.51  3.34  6.40  21.24  15.17  18.15  16.44  17.24      319.2
  Thu  7.49  3.30  6.37  21.23  15.18  18.13  16.43  17.21      318.8
  Fri  7.49  3.34  6.36  21.27  15.17  18.13  16.44  17.22      319.0
  Sat  7.13  3.11  6.08  20.64  14.73  17.33  15.97  16.75      307.9
  Sun  7.12  3.12  6.07  20.61  14.72  17.35  15.98  16.74      307.7


STEP 2  Validating the arrival process (thinning vs Table 2)
----------------------------------------------------------------
  Sampling many independent weeks and binning arrivals by (day, hour); the realised counts must converge to lambda_{d,h}.
  sampling weeks             [##################################]   200/200   100.0%    3.1s elapsed,   0.0s left  

  weeks sampled                          200 
  total arrivals / week (simulated)      2221.8 
  total arrivals / week (Table 2)        2218.9 
  mean absolute hourly error             0.2208 patients/h
  relative L1 error                      1.672 %
  correlation with Table 2               0.999142 
  [OK] Arrival process reproduces Table 2 within 2% -- thinning verified.


STEP 3  Validating the service-time sampler
-----------------------------------------------
  consultation      bounds  analytic mean  sampled mean  deviation   min    max
  ---------------  -------  -------------  ------------  ---------  ----  -----
  initial  T^(1)   [5, 15]         9.0926        9.0516     -0.45%  5.00  15.00
  follow-up T^(2)  [5, 25]        12.8410       13.0047     +1.28%  5.01  25.00

  [OK] All sampled durations lie inside the truncation bounds.


STEP 4  Simulating 100 replications x 3 policies
----------------------------------------------------
  Common Random Numbers: replication r uses the same patient stream for every policy, so the comparison is exactly paired.

  replications               [##################################]   300/300   100.0%    8.6s elapsed,   0.0s left  
  simulation: 8.6 s


STEP 5  Our replication vs the paper's published numbers
------------------------------------------------------------
  KPI-by-KPI comparison against the published results
  policy  metric                                 ours (mean)     sd          paper  deviation
  ------  -------------------------------------  -----------  -----  -------------  ---------
  IFP     Mean waiting time, all patients (min)        52.43  14.10          46.26     +13.3%
  IFP     Mean waiting time, Level III (min)           50.88  14.81          44.14     +15.3%
  IFP     Mean waiting time, Level IV (min)            52.94  13.98  not published        n/a
  IFP     Service level, Level III (%)                100.00   0.00         100.00      +0.0%
  IFP     Service level, Level IV (%)                 100.00   0.00         100.00      +0.0%
  IFP     Physician utilisation (%)                    86.36   1.92          85.43      +1.1%
  ALT     Mean waiting time, all patients (min)        42.39  10.70          37.88     +11.9%
  ALT     Mean waiting time, Level III (min)            6.05   0.57           6.82     -11.2%
  ALT     Mean waiting time, Level IV (min)            54.61  14.10  not published        n/a
  ALT     Service level, Level III (%)                 99.96   0.13          98.08      +1.9%
  ALT     Service level, Level IV (%)                  87.37   5.59          89.29      -2.2%
  ALT     Physician utilisation (%)                    86.34   1.93          85.41      +1.1%
  SBP     Mean waiting time, all patients (min)        44.08  11.91          35.25     +25.1%
  SBP     Mean waiting time, Level III (min)           12.35   6.04          10.48     +17.9%
  SBP     Mean waiting time, Level IV (min)            54.74  14.07          43.89     +24.7%
  SBP     Service level, Level III (%)                 99.99   0.04         100.00      -0.0%
  SBP     Service level, Level IV (%)                  89.40   4.51         100.00     -10.6%
  SBP     Physician utilisation (%)                    86.34   1.93          84.98      +1.6%


STEP 5b  Verdict
--------------------
  our ranking (best -> worst)            ALT < SBP < IFP 
  paper ranking (best -> worst)          SBP < ALT < IFP 

  [OK] IFP is the worst policy on mean waiting time
  [OK] ALT cuts Level III waiting to single digits
  [OK] ALT sacrifices Level IV service level (< 95%)
  [OK] IFP holds 100% service level on both levels
  [OK] physician utilisation is 80-92% for every policy
  [OK] physician utilisation is near-identical across policies (spread < 1 pp)

  Absolute waiting times run above the paper's because the published parameters imply an offered load of ~87%, and at that load mean wait is extremely sensitive to the last percentage point of utilisation.  The paper's source dataset is not public, so an exact numeric match is not attainable; what IS reproduced is every structural finding -- the policy ranking, the per-level trade-offs, near-identical utilisation across policies, and the ALT Level-IV service-level collapse.


STEP 6  Statistical significance (paper Tables 5 and 6)
-----------------------------------------------------------
  comparisons in the family              3 
  alpha                                  0.05 
  Bonferroni-adjusted alpha              0.0167 

  Paired t-tests on the per-replication mean waiting time
  comparison  mean diff (min)         t          p  p < 0.0167  Cohen's d  interpretation  paper diff  paper d
  ----------  ---------------  --------  ---------  ----------  ---------  --------------  ----------  -------
  IFP vs ALT          10.0415   28.4706  1.774e-49  Yes            2.8471  Huge effect         8.1000   2.0099
  IFP vs SBP           8.3457   33.7338  4.294e-56  Yes            3.3734  Huge effect        10.5521   2.8245
  ALT vs SBP          -1.6958  -11.5769  4.145e-20  Yes           -1.1577  Large effect        2.4521   1.5437

  Cohen's d here is the PAIRED effect size mean(d)/sd(d), which is the correct pairing for a CRN design.  Because CRN removes the shared seed variation, sd(d) is small and d is correspondingly large -- this is the effect WP5 quantifies.


STEP 7  Diagnostic equipment utilisation (paper Table 9)
------------------------------------------------------------
  equipment   n exams  paper n  mean dur  paper dur  total min  available  util %  paper util %  mean rho_j
  ----------  -------  -------  --------  ---------  ---------  ---------  ------  ------------  ----------
  XRAY            392      389      3.99       3.99    1563.72      10080   15.51         15.20       0.387
  CT              745      715      2.45       2.45    1824.96      10080   18.10         17.64       0.259
  LABORATORY     1242     1228      1.19       1.19    1478.56      10080   14.67         14.36       0.069
  ULTRASOUND      296      266      6.58       6.58    1947.75      10080   19.32         19.03       0.864

  All four modalities sit far below the physicians' ~87%: the paper's central managerial conclusion -- that PHYSICIANS, not equipment, are the bottleneck -- is reproduced.


STEP 8  Rendering figures
-----------------------------


Outputs
--------------------
  saved -> results/tables/wp1_paper_comparison.csv
  saved -> results/tables/wp1_significance.csv
  saved -> results/tables/wp1_equipment_utilisation.csv
  saved -> results/raw/wp1_replications.csv
  saved -> results/figures/wp1_arrival_validation.png
  saved -> results/figures/wp1_waiting_boxplot.png
  saved -> results/figures/wp1_mean_wait_bars.png
  saved -> results/figures/wp1_service_level_l4.png
  provenance appended to results/PROVENANCE.md

  [OK] WP1 complete -- baseline engine validated. Next: python scripts/run_02_grid_search.py


================================================================================
  PAPER'S METHOD -- TWO-STAGE BRUTE-FORCE GRID SEARCH
  run_02_grid_search.py  |  reproduces Sec 3.2 / Tables 3-4
================================================================================

Run settings
--------------------
  replications per policy                100 
  base seed                              20250402 
  worker processes                       14 
  horizon                                10080 min  (1 operational week)
  quick mode                             off 
  coarse step                            1.0 
  fine step                              0.1 
  coarse reps/point                      15 
  fine reps/point                        50 
  SL constraint                          SL_3 >= 95%, SL_4 >= 95% 
  penalty mu                             500 min per unit SL shortfall 

STAGE 1  Coarse lattice, step = 1
-------------------------------------
  k1 grid                                0 .. 30 step 1  (31 values) 
  k2 grid                                0 .. 60 step 1  (61 values) 
  lattice points                         1,891 
  simulations required                   28,365 

  coarse lattice             [##################################] 28365/28365 100.0%  378.9s elapsed,   0.0s left  
  stage 1: 379.0 s

  Top 5 coarse-lattice combinations (paper Table 3)
  rank  (k1, k2)  mean wait (min)  SL3 %  SL4 %  penalty  objective
  ----  --------  ---------------  -----  -----  -------  ---------
     1  (4, 9)              47.61  97.07  95.07     0.00      47.61
     2  (8, 9)              47.61  99.60  95.23     0.00      47.61
     3  (7, 9)              47.62  99.36  95.16     0.00      47.62
     4  (4, 10)             47.62  97.20  95.69     0.00      47.62
     5  (6, 9)              47.64  98.86  95.33     0.00      47.64

  [OK] coarse optimum: k1 = 4, k2 = 9  (objective 47.61 min)
  the paper's coarse optimum was (k1=13, k2=2) at 36.38 min


STAGE 2  Fine lattice, step = 0.1, around the coarse optimum
----------------------------------------------------------------
  k1 window                              [3, 5]  (21 values) 
  k2 window                              [8, 10]  (21 values) 
  lattice points                         441 
  replications per point                 50 
  simulations required                   22,050 

  fine lattice               [##################################] 22050/22050 100.0%  287.2s elapsed,   0.0s left  
  stage 2: 287.3 s

  Top 5 fine-lattice combinations (paper Table 4)
  rank  (k1, k2)    mean wait (min)  SL3 %  SL4 %  penalty  objective
  ----  ----------  ---------------  -----  -----  -------  ---------
     1  (4.1, 8.2)            46.46  97.52  95.00     0.00      46.46
     2  (3.9, 8.1)            46.47  97.34  95.00     0.00      46.47
     3  (3.5, 8.3)            46.47  96.96  95.02     0.00      46.47
     4  (3.8, 8.1)            46.47  97.26  95.00     0.00      46.47
     5  (3.8, 8.4)            46.47  97.35  95.05     0.00      46.47

  [OK] GRID-SEARCH OPTIMUM: k1 = 4.1, k2 = 8.2


STAGE 3  Confirming the optimum at full replication count
-------------------------------------------------------------
  Re-evaluating our optimum and the paper's (13.1, 2.1) at 100 replications each, on identical streams.

  confirmation runs          [##################################]   200/200   100.0%    3.4s elapsed,   0.0s left  

  setting                    (k1, k2)     mean wait     sd  SL3 %  SL4 %  constraint
  -------------------------  -----------  ---------  -----  -----  -----  ----------
  our grid optimum           (4.1, 8.2)       44.17  11.94  97.73  95.49  feasible  
  paper optimum (13.1, 2.1)  (13.1, 2.1)      44.08  11.91  99.99  89.40  INFEASIBLE


Simulation budget consumed by the brute-force search
--------------------------------------------------------
  stage 1 lattice points                 1,891 
  stage 1 simulations                    28,365 
  stage 2 lattice points                 441 
  stage 2 simulations                    22,050 
  TOTAL lattice points                   2,332 
  TOTAL week-long simulations            50,415 
  equivalent simulated time              966.9 patient-years of ED operation


Rendering the response surface
----------------------------------


Outputs
--------------------
  saved -> results/tables/wp2_grid_coarse_top5.csv
  saved -> results/tables/wp2_grid_fine_top5.csv
  saved -> results/tables/wp2_grid_optimum_confirmation.csv
  saved -> results/raw/wp3_grid_budget.json
  saved -> results/raw/wp2_grid_surface.json
  saved -> results/figures/wp2_grid_objective_surface.png
  saved -> results/figures/wp2_grid_sl4_surface.png
  provenance appended to results/PROVENANCE.md

  [OK] Grid search complete: optimum (k1=4.1, k2=8.2) found with 50,415 simulations. Next: python scripts/run_04_nelder_mead.py


================================================================================
  WP2 -- A THEORETICALLY-GROUNDED SCHEDULING RULE (c-mu / WSEPT)
  run_03_wsept_policy.py  |  Cox & Smith (1961); Van Mieghem (1995)
================================================================================

Run settings
--------------------
  replications per policy                100 
  base seed                              20250402 
  worker processes                       14 
  horizon                                10080 min  (1 operational week)
  quick mode                             off 
  policies                               IFP, ALT, SBP, WSEPT, GCMU 
  T_follow (our choice)                  60 min 

STEP 1  The index values the c-mu rule computes
---------------------------------------------------
  class l            T_l (min)  E[S_l] (min)  mu_l = 1/E[S_l]  c_l = 1/T_l  index c_l*mu_l  Gc-mu coefficient
  -----------------  ---------  ------------  ---------------  -----------  --------------  -----------------
  Level III initial         30         9.093          0.10998     0.033333        0.003666          2.444e-04
  Level IV initial         120         9.093          0.10998     0.008333        0.000916          1.527e-05
  Follow-up                 60        12.841          0.07788     0.016667        0.001298          4.326e-05

  static c-mu priority order             Level III initial  >  Follow-up  >  Level IV initial 
  Because the static indices are constants, the classical c-mu rule reduces to a FIXED priority order.  That is a genuine property of the rule, not an implementation shortcut -- and it is precisely what the generalised version fixes by making the index depend on the head-of-line delay.
  T_follow is the one weight the paper never specifies. We use 60 min (the midpoint of T_3 = 30 and T_4 = 120); STEP 4 below sweeps it.


STEP 2  Five policies, 100 replications, common random numbers
------------------------------------------------------------------

  replications               [##################################]   500/500   100.0%    9.0s elapsed,   0.0s left  
  simulation: 9.0 s

  Policy comparison including the two c-mu variants
  policy  source  W_total (min)  95% CI           W_L3   W_L4  holding cost   SL3 %   SL4 %  util %
  ------  ------  -------------  --------------  -----  -----  ------------  ------  ------  ------
  IFP     paper           52.43  [49.63, 55.22]  50.88  52.94        0.7550  100.00  100.00   86.36
  ALT     paper           42.39  [40.26, 44.51]   6.05  54.61        0.3913   99.96   87.37   86.34
  SBP     paper           44.08  [41.72, 46.44]  12.35  54.74        0.4450   99.99   89.40   86.34
  WSEPT   ours            42.32  [40.21, 44.43]   3.76  55.30        0.3763  100.00   86.87   86.34
  GCMU    ours            44.05  [41.81, 46.29]  14.59  53.94        0.4588  100.00   90.99   86.35


STEP 3  Does the c-mu rule do what the theory promises?
-----------------------------------------------------------
  lowest UNWEIGHTED mean wait            WSEPT 
  lowest c-WEIGHTED holding cost         WSEPT   <-- the c-mu objective 
  shortest Level III wait                WSEPT 
  highest Level IV service level         IFP 

  Ranking on the objective the c-mu rule is optimal for
  rank  policy  holding cost  mean_i w_i / T_l  vs best
  ----  ------  ------------------------------  -------
     1  WSEPT                           0.3763     best
     2  ALT                             0.3913    +4.0%
     3  SBP                             0.4450   +18.2%
     4  GCMU                            0.4588   +21.9%
     5  IFP                             0.7550  +100.6%
  [OK] The c-mu rule attains the lowest c-weighted holding cost, exactly as the Cox-Smith optimality result predicts.

  policies meeting SL >= 95% on both levels IFP 

  Read the table as a trade-off surface, not a league table. IFP protects the service level by starving the follow-up queue, which is why its overall wait is worst. The delay-aware rules cut Level III waiting dramatically but push Level IV towards -- and past -- its 120-minute target; the more weight a rule puts on Level IV, the higher its service level and the higher its average wait. Which corner of that surface is right is a management decision, which is what WP3's constrained re-tuning and WP4's cost model are for.


STEP 3b  Is the c-mu improvement statistically significant?
---------------------------------------------------------------
  comparison (holding cost)  mean diff        t          p  significant  Cohen's d  interpretation   
  -------------------------  ---------  -------  ---------  -----------  ---------  -----------------
  IFP vs WSEPT                 +0.3786   31.666  1.333e-53  Yes              3.167  Huge effect      
  ALT vs WSEPT                 +0.0150   36.535  2.856e-59  Yes              3.654  Huge effect      
  SBP vs WSEPT                 +0.0686   14.148  1.636e-25  Yes              1.415  Very large effect
  WSEPT vs GCMU                -0.0824  -33.423  9.989e-56  Yes             -3.342  Huge effect      


STEP 4  Sensitivity of the c-mu rule to the follow-up weight T_follow
-------------------------------------------------------------------------
  T_follow is the only parameter we had to invent. If the conclusions moved with it, they would not be trustworthy -- so we sweep it.

  T_follow sweep             [##################################]   300/300   100.0%    3.7s elapsed,   0.0s left  

  Effect of T_follow (25 replications per setting)
  rule   T_follow (min)  W_total   W_L3   W_L4  follow-up wait  holding cost   SL4 %
  -----  --------------  -------  -----  -----  --------------  ------------  ------
  WSEPT              15    44.25   6.19  57.02            2.44        0.4077   86.00
  GCMU               15    44.35   8.69  56.31            3.82        0.4241   86.68
  WSEPT              30    44.32   3.77  57.94            3.48        0.3930   85.93
  GCMU               30    44.72   9.40  56.57            7.26        0.4317   87.25
  WSEPT              45    44.32   3.77  57.94            3.48        0.3930   85.93
  GCMU               45    45.33  11.77  56.59           12.19        0.4517   88.43
  WSEPT              60    44.32   3.77  57.94            3.48        0.3930   85.93
  GCMU               60    46.06  15.19  56.41           18.29        0.4791   90.13
  WSEPT              90    54.92  53.90  55.26           86.80        0.7938  100.00
  GCMU               90    47.78  23.50  55.90           32.38        0.5454   93.73
  WSEPT             120    54.92  53.90  55.26           86.80        0.7938  100.00
  GCMU              120    49.65  31.29  55.77           45.99        0.6095   97.15

  WSEPT mean wait across the whole sweep 44.25 .. 54.92 min  (spread 24.1%) 
  GCMU mean wait across the whole sweep  44.35 .. 49.65 min  (spread 11.9%) 

  WSEPT is PIECEWISE CONSTANT in T_follow: its indices are fixed numbers, so only the ORDER they induce matters, and the order changes only when T_follow crosses the value at which follow-up overtakes an initial class.  Gc-mu varies smoothly because its index scales with the head-of-line delay.  Neither rule's ranking against the paper's heuristics flips anywhere in the sweep.


Rendering figures
---------------------


Outputs
--------------------
  saved -> results/tables/wp2_cmu_indices.csv
  saved -> results/tables/wp2_policy_comparison.csv
  saved -> results/tables/wp2_cmu_significance.csv
  saved -> results/tables/wp2_tfollow_sensitivity.csv
  saved -> results/figures/wp2_holding_cost_bars.png
  saved -> results/figures/wp2_mean_wait_bars.png
  saved -> results/figures/wp2_five_policy_boxplot.png
  saved -> results/figures/wp2_tfollow_sensitivity.png
  provenance appended to results/PROVENANCE.md

  [OK] WP2 complete. Next: python scripts/run_04_nelder_mead.py


================================================================================
  WP3 -- NELDER-MEAD SIMPLEX vs BRUTE-FORCE GRID SEARCH
  run_04_nelder_mead.py  |  hand-implemented, penalty-constrained
================================================================================

Run settings
--------------------
  replications per policy                100 
  base seed                              20250402 
  worker processes                       14 
  horizon                                10080 min  (1 operational week)
  quick mode                             off 
  reps per evaluation                    50 
  penalty mu                             500.0 
  stopping xtol / ftol                   0.05 / 0.02 

STEP 1  The optimisation problem
------------------------------------
  decision variables                     k1 (Level III slack), k2 (Level IV slack) 
  objective                              minimise W_total(k1,k2) -- mean waiting time per patient 
  constraint                             SL_3 >= 95%,  SL_4 >= 95%   [paper Eq. 32] 
  penalised form                         F = W_total + 500 * sum_l max(0, SL_min - SL_l) 
  box bounds                             k1 in [0, 30], k2 in [0, 120] 
  noise handling                         sample average over 50 fixed CRN streams 

  Bounds are enforced by PROJECTION (each trial vertex is clipped back into the box) rather than by a second penalty term, so the simplex can slide along a bound instead of being pushed away from it.


STEP 2  Single-start Nelder-Mead (live iteration trace)
-----------------------------------------------------------
  initial vertex x0                      (10, 30) 
  initial simplex step                   (4, 15) 
  A per-dimension step is used because k1 and k2 live on different scales (k1 in ~[0,30] against T_3 = 30, k2 in ~[0,120] against T_4 = 120); one scalar step would make the initial simplex badly conditioned.

    iter     best f       k1       k2   f-spread     sims
  --------------------------------------------------------
       1    47.2355   10.000   30.000     0.6438      150
       2    46.7225   14.000   15.000     0.5354      250
       3    46.7223   10.000   15.000     0.5132      350
       4    46.7223   10.000   15.000     0.2569      450
       5    46.7223   10.000   15.000     0.1094      550
       6    46.5910   12.500   11.250     0.1315      600
       7    46.5038    5.750    9.375     0.2185      700
       8    46.5038    5.750    9.375     0.1125      800
       9    46.5038    5.750    9.375     0.0872      900
      10    46.5038    5.750    9.375     0.0522      950
      11    46.5038    5.750    9.375     0.0287    1,050
      12    46.5038    5.750    9.375     0.0219    1,250
      13    46.4771    2.375    8.438     0.0426    1,350
      14    46.4771    2.375    8.438     0.0267    1,400
      15    46.4771    2.375    8.438     0.0299    1,600
      16    46.4771    2.375    8.438     0.0202    1,700
      17    46.4771    2.375    8.438     0.0172    1,750
      18    46.4771    2.375    8.438     0.0134    1,850
      19    46.4771    2.375    8.438     0.0223    2,050
      20    46.4771    2.375    8.438     0.0124    2,100
      21    46.4771    2.375    8.438     0.0185    2,300
      22    46.4668    2.312    8.368     0.0105    2,400
      23    46.4668    2.312    8.368     0.0107    2,600
      24    46.4668    2.312    8.368     0.0090    2,650
  single-start Nelder-Mead: 33.9 s

  result                                 k1 = 2.312, k2 = 8.368 
  objective                              46.4668 
  iterations                             24 
  objective calls (incl. cache hits)     54 
  distinct points simulated              53 
  week-long simulations used             2,650 
  termination                            converged: simplex span <= 0.05 and f-spread <= 0.02 


STEP 3  Multi-start Nelder-Mead (guarding against local minima)
-------------------------------------------------------------------
  The simplex method converges to a LOCAL minimum. Four dispersed starts test whether the penalised surface has more than one.

  starts                     [##################################]     4/4     100.0%  117.4s elapsed,   0.0s left  

  Nelder-Mead from four dispersed starting points
  start      converged to     objective  iters   sims  converged
  ---------  ---------------  ---------  -----  -----  ---------
  (2, 5)     (3.292, 8.669)     46.4817     20  2,100  yes      
  (10, 30)   (2.312, 8.368)     46.4668     24  2,650  yes      
  (20, 70)   (20.551, 9.136)    46.5885     25  2,500  yes      
  (28, 110)  (25.963, 8.490)    46.6215     24  2,550  yes      

  best of the multi-start                (2.312, 8.368)  -> 46.4668 
  objective spread across starts         0.1547 min 
  [OK] All starts land on essentially the same objective value -- the penalised surface is effectively unimodal in this box.


STEP 4  Budget comparison against the paper's grid search
-------------------------------------------------------------
  method                                      points evaluated  reps/point  week-long simulations  best objective (min)
  ------------------------------------------  ----------------  ----------  ---------------------  --------------------
  Grid search, coarse stage (paper's method)             1,891          15                 28,365               47.6105
  Grid search, fine stage (paper's method)                 441          50                 22,050               46.4601
  Grid search, TOTAL                                     2,332           -                 50,415               46.4601
  Nelder-Mead, single start (ours)                          53          50                  2,650               46.4668
  Nelder-Mead, 4 starts (ours)                             196          50                  9,800               46.4668

  speed-up, single start                 19.0x  fewer simulations (50,415 -> 2,650) 
  speed-up, 4-start                      5.1x  fewer simulations (50,415 -> 9,800) 

  The 'best objective' column is NOT comparable across rows when the methods used different replication counts per point -- a sample average over 50 streams is a different estimator from one over 15.  STEP 6 therefore re-scores every optimum on one identical, full-length batch; that is the comparison to quote.


STEP 5  Cross-check against scipy.optimize (not the primary result)
-----------------------------------------------------------------------
  implementation           optimum         objective  iterations  simulations
  -----------------------  --------------  ---------  ----------  -----------
  ours (hand-written)      (2.312, 8.368)    46.4668          24        2,650
  scipy.optimize.minimize  (2.312, 8.368)    46.4668          24        2,650

  [OK] the two implementations agree on the objective to 0.0000 min


STEP 6  Confirming the optimum at full replication count
------------------------------------------------------------
  confirmation               [##################################]   300/300   100.0%    3.7s elapsed,   0.0s left  

  setting                    (k1, k2)       mean wait     sd  SL3 %  SL4 %  constraint
  -------------------------  -------------  ---------  -----  -----  -----  ----------
  Nelder-Mead optimum        (2.31, 8.37)       44.18  11.95  95.42  95.64  feasible  
  grid-search optimum        (4.10, 8.20)       44.17  11.94  97.73  95.49  feasible  
  paper optimum (13.1, 2.1)  (13.10, 2.10)      44.08  11.91  99.99  89.40  INFEASIBLE

  penalised objective, Nelder-Mead optimum 44.1802 min 
  penalised objective, grid optimum      44.1738 min 
  difference (Nelder-Mead - grid)        +0.0064 min 

  [OK] Nelder-Mead matched the lattice optimum to within 0.006 min while using 5x fewer simulations.


Rendering figures
---------------------


Outputs
--------------------
  saved -> results/tables/wp3_multistart.csv
  saved -> results/tables/wp3_budget_comparison.csv
  saved -> results/tables/wp3_scipy_crosscheck.csv
  saved -> results/tables/wp3_optimum_confirmation.csv
  saved -> results/raw/wp3_nelder_mead_optimum.json
  saved -> results/figures/wp3_convergence.png
  saved -> results/figures/wp3_simplex_path.png
  provenance appended to results/PROVENANCE.md

  [OK] WP3 complete. Next: python scripts/run_05_staffing_cost.py


================================================================================
  WP4 -- COST-OPTIMAL PHYSICIAN STAFFING
  run_05_staffing_cost.py  |  joint optimisation of roster and thresholds
================================================================================

Run settings
--------------------
  replications per policy                100 
  base seed                              20250402 
  worker processes                       14 
  horizon                                10080 min  (1 operational week)
  quick mode                             off 
  alpha (per physician-hour)             120 
  beta (per waiting-minute)              0.5 
  gamma (per SLA violation)              50 
  incumbent (k1,k2)                      (2.31, 8.37) from WP3 Nelder-Mead optimum 
  roster box                             2..8 physicians per shift 

The cost model
--------------------
  C(R,k1,k2)                             alpha*physician-hours + beta*waiting-minutes + gamma*SLA violations 
  alpha                                  120.00 per physician-hour
  beta                                   0.50 per patient waiting-minute
  gamma                                  50.00 per patient past their target

  baseline roster (5,5,3) physician-hours/week 714 
  baseline staffing cost/week            85,680 cost units
  alpha = 120 corresponds to an ED attending on ~USD 250k/yr fully loaded over ~2080 h/yr.  beta = 0.50 values one patient-hour of waiting at 30 units.  gamma = 50 makes an SLA breach cost far more than the raw minutes that produced it.  STAGE D sweeps all three -- the recommendation must survive the assumptions.


STAGE A  Screening 140 candidate rosters
--------------------------------------------
  box                                    2..8 per shift, night shift never above the day shifts 
  replications per roster                8 
  simulations                            1,120 
  thresholds held at                     (2.31, 8.37) 

  screening rosters          [##################################]  1120/1120  100.0%   86.2s elapsed,   0.0s left  
  stage A: 86.2 s

  rosters screened                       140 
  stable                                 122 
  unstable (queue never clears)          18 
  dropped, e.g.: (2, 2, 2) (60% unfinished), (2, 3, 2) (51% unfinished), (3, 2, 2) (49% unfinished), (2, 4, 2) (41% unfinished), (3, 3, 2) (39% unfinished)

  Top 12 rosters after screening (thresholds not yet re-tuned)
  roster (M,A,N)    k1    k2  phys-h  W (min)  SL3 %   SL4 %  util %  staff cost  wait cost  SLA cost    TOTAL  stable
  --------------  ----  ----  ------  -------  -----  ------  ------  ----------  ---------  --------  -------  ------
  (6,6,3)         2.31  8.37     819    11.70  98.85   99.73    76.2      98,280     13,103       549  111,932  yes   
  (6,7,3)         2.31  8.37     868     7.05  99.62   99.96    71.9     104,160      7,889       136  112,186  yes   
  (5,7,3)         2.31  8.37     812    13.57  99.45   99.96    76.9      97,440     15,183       185  112,808  yes   
  (6,6,4)         2.31  8.37     882     8.41  99.76  100.00    70.9     105,840      9,432        68  115,340  yes   
  (5,6,3)         2.31  8.37     763    20.71  98.42   99.43    81.8      91,560     23,201       927  115,688  yes   
  (7,6,3)         2.31  8.37     875     9.64  98.87   99.74    71.3     105,000     10,810       537  116,347  yes   
  (5,8,3)         2.31  8.37     861    11.68  99.49   99.99    72.5     103,320     13,062       153  116,535  yes   
  (6,8,3)         2.31  8.37     917     5.79  99.69   99.99    68.1     110,040      6,473        99  116,612  yes   
  (7,7,3)         2.31  8.37     924     5.33  99.64   99.96    67.6     110,880      5,960       130  116,971  yes   
  (6,7,4)         2.31  8.37     931     4.87  99.95  100.00    67.1     111,720      5,450        12  117,183  yes   
  (6,7,2)         2.31  8.37     805    16.12  95.91   97.69    77.4      96,600     17,988     3,082  117,670  yes   
  (5,7,4)         2.31  8.37     875    11.36  99.76  100.00    71.4     105,000     12,725        67  117,791  yes   


STAGE B  Re-tuning (k1, k2) inside the best 6 rosters
---------------------------------------------------------
  Each roster gets its own hand-written Nelder-Mead search over (k1, k2), minimising the weekly cost directly.

  1/6  roster (6, 6, 3)  -> (k1= 12.20, k2= 23.39)  cost     110,870  (was     111,932)    900 sims, 17 iters
  2/6  roster (6, 7, 3)  -> (k1= 14.15, k2= 25.55)  cost     111,880  (was     112,186)    950 sims, 17 iters
  3/6  roster (5, 7, 3)  -> (k1= 14.96, k2= 11.55)  cost     113,335  (was     112,808)  1,175 sims, 28 iters
  4/6  roster (6, 6, 4)  -> (k1=  7.89, k2= 15.59)  cost     115,152  (was     115,340)  1,000 sims, 20 iters
  5/6  roster (5, 6, 3)  -> (k1= 11.26, k2= 22.68)  cost     115,425  (was     115,688)  1,100 sims, 21 iters
  6/6  roster (7, 6, 3)  -> (k1= 19.61, k2= 19.27)  cost     114,964  (was     116,347)  1,125 sims, 23 iters

  simulations used by the re-tuning stage 6,250 
  largest threshold move away from the incumbent 29.12 min (|dk1| + |dk2|)
  The optimal thresholds move substantially between rosters, which is exactly why they are re-tuned inside each candidate: holding (k1,k2) fixed while varying staffing would score every alternative roster at settings chosen for a different one.

  After re-tuning the thresholds inside each roster
  roster (M,A,N)     k1     k2  phys-h  W (min)   SL3 %   SL4 %  util %  staff cost  wait cost  SLA cost    TOTAL  stable
  --------------  -----  -----  ------  -------  ------  ------  ------  ----------  ---------  --------  -------  ------
  (6,6,3)         12.20  23.40     819    11.34  100.00   99.99    75.8      98,280     12,582         8  110,870  yes   
  (6,7,3)         14.20  25.60     868     6.95  100.00  100.00    71.6     104,160      7,720         0  111,880  yes   
  (5,7,3)         15.00  11.50     812    14.30  100.00   99.98    76.5      97,440     15,875        20  113,335  yes   
  (7,6,3)         19.60  19.30     875     8.97  100.00  100.00    71.0     105,000      9,960         4  114,964  yes   
  (6,6,4)          7.90  15.60     882     8.38  100.00  100.00    70.5     105,840      9,312         0  115,152  yes   
  (5,6,3)         11.30  22.70     763    21.44   99.98   99.92    81.4      91,560     23,789        76  115,425  yes   


STAGE C  The recommendation, against the paper's roster
-----------------------------------------------------------
  configuration                  (k1,k2)         phys-h/wk  mean wait  SL3 %  SL4 %  staff cost  wait cost  SLA cost  TOTAL/week  vs paper
  -----------------------------  --------------  ---------  ---------  -----  -----  ----------  ---------  --------  ----------  --------
  paper's fixed roster (5,5,3)   (2.31, 8.37)          714      44.18  95.42  95.64      85,680     48,798     4,913     139,391          
  cost-optimal roster (6, 6, 3)  (12.20, 23.40)        819      10.97  99.99  99.93      98,280     12,174        60     110,513    -20.7%

  [OK] RECOMMENDATION: roster (6, 6, 3) with (k1=12.20, k2=23.40)
  weekly cost change vs the paper's (5,5,3) -28,878 cost units  (-20.7%) 
  physician-hours change                 +105 hours/week
  mean waiting time change               -33.21 min/patient


STAGE C2  The paper's own Table 10 scenarios, priced
--------------------------------------------------------
  Table 10 scenarios         [##################################]   700/700   100.0%   10.9s elapsed,   0.0s left  

  Paper Table 10 scenarios, now with a price attached
  scenario  roster     phys-h  mean wait  util %   SL4 %  staff cost  wait cost    TOTAL
  --------  ---------  ------  ---------  ------  ------  ----------  ---------  -------
  S0        (5, 5, 3)     714      44.18    86.3   95.64      85,680     48,798  139,391
  S1        (5, 5, 4)     777      35.19    79.5   98.53      93,240     38,959  134,121
  S2        (5, 5, 5)     840      31.25    73.7   99.32     100,800     34,659  136,490
  S3        (5, 6, 5)     889      16.34    69.8   99.98     106,680     18,166  124,942
  S4        (5, 7, 5)     938      11.45    66.1  100.00     112,560     12,722  125,327
  S5        (6, 7, 5)     994       4.32    62.4  100.00     119,280      4,800  124,082
  S6        (7, 7, 5)    1050       2.38    59.1  100.00     126,000      2,650  128,652

  cheapest of the paper's own scenarios  S5 = (6, 7, 5)  at 124,082 / week 
  our recommended roster                 (6, 6, 3)  at 110,513 / week  (-10.9% vs that) 

  The paper stops at 'more staff lowers waiting', which has no stopping point. With a price attached, the sequence S0..S6 has a clear interior optimum -- and the free search over all 140 rosters finds a cheaper one still, because Table 10 only walks one particular path through the roster space.


STAGE D  Does the recommendation survive the cost assumptions?
------------------------------------------------------------------
  Re-pricing every refined roster under different weights. If the winner changes, the recommendation is an artefact of alpha, beta and gamma rather than of the queueing system.
  cost sensitivity           [##################################]   700/700   100.0%   10.2s elapsed,   0.0s left  

  cost scenario           alpha   beta  gamma  winning roster  its cost  cost of (5,5,3)  saving
  ----------------------  -----  -----  -----  --------------  --------  ---------------  ------
  baseline                  120    0.5     50  (6, 6, 3)        110,513          139,391  -20.7%
  waiting valued 4x         120      2     50  (6, 7, 3)        133,862          285,787  -53.2%
  waiting valued 1/4        120  0.125     50  (5, 6, 3)         97,408          102,792   -5.2%
  physicians 1.5x dearer    180    0.5     50  (6, 6, 3)        159,653          182,231  -12.4%
  SLA breach 10x dearer     120    0.5    500  (6, 6, 3)        111,049          183,605  -39.5%

  [!!] The winning roster changes with the weights ((5, 6, 3), (6, 6, 3), (6, 7, 3)). That is itself the finding: the right staffing level depends on how the hospital prices waiting against salary, so the cost weights must be agreed before the roster is set.


Rendering figures
---------------------


Outputs
--------------------
  saved -> results/tables/wp4_screening_top12.csv
  saved -> results/tables/wp4_refined_rosters.csv
  saved -> results/tables/wp4_recommendation.csv
  saved -> results/tables/wp4_table10_priced.csv
  saved -> results/tables/wp4_cost_sensitivity.csv
  saved -> results/figures/wp4_cost_decomposition.png
  saved -> results/figures/wp4_table10_waiting.png
  provenance appended to results/PROVENANCE.md

  [OK] WP4 complete. Next: python scripts/run_06_crn_variance.py


================================================================================
  WP5 -- COMMON RANDOM NUMBERS AND STATISTICAL RIGOUR
  run_06_crn_variance.py  |  variance reduction, quantified
================================================================================

Run settings
--------------------
  replications per policy                100 
  base seed                              20250402 
  worker processes                       14 
  horizon                                10080 min  (1 operational week)
  quick mode                             off 
  policies                               IFP, ALT, SBP, WSEPT, GCMU 
  target CI half-width                   0.5 min 

STEP 1  Two experiments, identical in every way but the seeding
-------------------------------------------------------------------
  arm 1 -- CRN                           replication r uses the SAME patient stream for every policy 
  arm 2 -- independent                   the policy name is mixed into the seed, so every policy sees its own streams 
  replications per policy per arm        100 
  total simulations                      1,000 

  CRN arm                    [##################################]   500/500   100.0%    9.7s elapsed,   0.0s left  
  CRN arm: 9.7 s
  independent arm            [##################################]   500/500   100.0%    7.0s elapsed,   0.0s left  
  independent arm: 7.0 s


STEP 2  CRN does not move the point estimates -- only their spread
----------------------------------------------------------------------
  Per-policy estimates under the two seeding schemes
  policy  mean (CRN)  sd (CRN)  mean (indep)  sd (indep)  difference  |diff| / SE
  ------  ----------  --------  ------------  ----------  ----------  -----------
  IFP         52.427    14.100        48.758      13.033      +3.668         2.60
  ALT         42.385    10.703        41.101       9.907      +1.284         1.20
  SBP         44.081    11.911        43.472      11.333      +0.608         0.51
  WSEPT       42.319    10.635        40.882       9.585      +1.437         1.35
  GCMU        44.049    11.303        41.937      10.887      +2.112         1.87

  largest |mean difference| between the arms 2.60 standard errors
  [OK] Every policy's mean agrees between the two arms to within 3 standard errors, and the standard deviations match.
  Theory says the two arms must agree in expectation: CRN changes the DEPENDENCE between runs, not the marginal law of any single one. It is a variance reduction technique, not a bias.


STEP 3  Correlation induced by sharing the patient stream
-------------------------------------------------------------
  pair           corr under CRN  corr under independence
  -------------  --------------  -----------------------
  IFP vs ALT            +0.9970                  +0.1033
  IFP vs SBP            +0.9960                  -0.1090
  IFP vs WSEPT          +0.9962                  -0.1060
  IFP vs GCMU           +0.9979                  +0.2544
  ALT vs SBP            +0.9973                  +0.0259
  ALT vs WSEPT          +0.9995                  -0.0085
  ALT vs GCMU           +0.9996                  -0.0328
  SBP vs WSEPT          +0.9976                  +0.1025
  SBP vs GCMU           +0.9976                  -0.0892
  WSEPT vs GCMU         +0.9994                  -0.0233

  Under independence these correlations are ~0 by construction. Under CRN they are close to +1, because a heavy week is heavy for every policy. Var(A-B) = Var(A)+Var(B)-2Cov(A,B), so the closer this gets to +1, the more of the difference's variance is cancelled.


STEP 4  Variance reduction on the pairwise differences
----------------------------------------------------------
  Pairwise differences in mean waiting time (100 replications per arm)
  comparison     mean diff (ind)  mean diff (CRN)  Var (ind)  Var (CRN)  variance removed  efficiency  CI half-w (ind)  CI half-w (CRN)  CRN reps == 100 ind
  -------------  ---------------  ---------------  ---------  ---------  ----------------  ----------  ---------------  ---------------  -------------------
  IFP vs ALT              +7.657          +10.042   241.3350    12.4395            94.85%       19.4x           3.0825           0.6998                  5.2
  IFP vs SBP              +5.286           +8.346   330.4789     6.1206            98.15%       54.0x           3.6071           0.4909                  1.9
  IFP vs WSEPT            +7.876          +10.108   288.2034    13.1582            95.43%       21.9x           3.3685           0.7198                  4.6
  IFP vs GCMU             +6.822           +8.378   216.1898     8.5023            96.07%       25.4x           2.9175           0.5786                  3.9
  ALT vs SBP              -2.371           -1.696   220.7672     2.1457            99.03%      102.9x           2.9482           0.2907                  1.0
  ALT vs WSEPT            +0.219           +0.066   191.6437     0.1071            99.94%     1789.3x           2.7469           0.0649                  0.1
  ALT vs GCMU             -0.835           -1.664   223.7516     0.4610            99.79%      485.4x           2.9681           0.1347                  0.2
  SBP vs WSEPT            +2.590           +1.762   198.0362     2.2323            98.87%       88.7x           2.7923           0.2965                  1.1
  SBP vs GCMU             +1.536           +0.032   268.9685     1.0273            99.62%      261.8x           3.2542           0.2011                  0.4
  WSEPT vs GCMU           -1.055           -1.730   215.2730     0.5935            99.72%      362.7x           2.9113           0.1529                  0.3

  variance removed (median across pairs) 98.95% 
  efficiency gain (median across pairs)  95.8x 
  efficiency gain (range)                19.4x .. 1789.3x 

  [OK] On variance alone, one CRN replication carries about as much comparative information as 96 independent ones (99.0% of the difference's variance removed).
  Read as a saving, 100 independent replications are matched by roughly 1.0 CRN replications -- but that is an upper bound on the benefit, not a recommendation. The efficiency ratio is itself estimated from these data, and a t-interval needs enough degrees of freedom to be trustworthy. The practical reading is that 20-30 CRN replications give comparisons at least as sharp as the paper's 100 independent ones -- a 3-5x saving that is safe to actually take.


STEP 5  Replications needed for a +/-0.5 min confidence interval
--------------------------------------------------------------------
  comparison     sd of diff (ind)  sd of diff (CRN)  reps needed (ind)  reps needed (CRN)  saving
  -------------  ----------------  ----------------  -----------------  -----------------  ------
  IFP vs ALT               15.535             3.527              3,711                194   19.1x
  IFP vs SBP               18.179             2.474              5,081                 97   52.4x
  IFP vs WSEPT             16.977             3.627              4,431                205   21.6x
  IFP vs GCMU              14.703             2.916              3,325                134   24.8x
  ALT vs SBP               14.858             1.465              3,395                 36   94.3x
  ALT vs WSEPT             13.844             0.327              2,948                  5  589.6x
  ALT vs GCMU              14.958             0.679              3,441                 10  344.1x
  SBP vs WSEPT             14.073             1.494              3,046                 37   82.3x
  SBP vs GCMU              16.400             1.014              4,136                 19  217.7x
  WSEPT vs GCMU            14.672             0.770              3,311                 12  275.9x


STEP 6  The paper's significance analysis, re-run under both schemes
------------------------------------------------------------------------
  Paired t-tests with Bonferroni correction, both arms
  comparison     t (ind)    p (ind)  sig  d (ind)  t (CRN)    p (CRN)  sig  d (CRN)
  -------------  -------  ---------  ---  -------  -------  ---------  ---  -------
  IFP vs ALT       4.929  3.326e-06  Yes    0.493   28.471  1.774e-49  Yes    2.847
  IFP vs SBP       2.908    0.00449  Yes    0.291   33.734  4.294e-56  Yes    3.373
  IFP vs WSEPT     4.639  1.071e-05  Yes    0.464   27.865  1.180e-48  Yes    2.786
  IFP vs GCMU      4.640  1.071e-05  Yes    0.464   28.731  7.928e-50  Yes    2.873
  ALT vs SBP      -1.596    0.11371  No    -0.160  -11.577  4.145e-20  Yes   -1.158
  ALT vs WSEPT     0.158    0.87456  No     0.016    2.025    0.04553  No     0.203
  ALT vs GCMU     -0.558    0.57777  No    -0.056  -24.507  7.946e-44  Yes   -2.451
  SBP vs WSEPT     1.841    0.06867  No     0.184   11.794  1.418e-20  Yes    1.179
  SBP vs GCMU      0.936    0.35134  No     0.094    0.315    0.75312  No     0.032
  WSEPT vs GCMU   -0.719    0.47400  No    -0.072  -22.458  1.218e-40  Yes   -2.246

  significant comparisons under CRN      8 of 10 
  significant comparisons under independence 4 of 10 
  Where the two arms disagree, CRN is the arm to believe: it is testing the same hypothesis with a lower-variance estimator of the same quantity.


Rendering figures
---------------------


Outputs
--------------------
  saved -> results/tables/wp5_point_estimates.csv
  saved -> results/tables/wp5_correlations.csv
  saved -> results/tables/wp5_variance_reduction.csv
  saved -> results/tables/wp5_replications_needed.csv
  saved -> results/tables/wp5_significance_both_arms.csv
  saved -> results/figures/wp5_crn_variance_reduction.png
  provenance appended to results/PROVENANCE.md

  [OK] WP5 complete. Next: python scripts/run_07_sensitivity.py


================================================================================
  ROBUSTNESS -- ARRIVAL RATE, STAFFING, SERVICE DISTRIBUTION
  run_07_sensitivity.py  |  reproduces paper Sec 3.4.1 - 3.4.3
================================================================================

Run settings
--------------------
  replications per policy                100 
  base seed                              20250402 
  worker processes                       14 
  horizon                                10080 min  (1 operational week)
  quick mode                             off 
  policies                               IFP, ALT, SBP, WSEPT, GCMU 

3.4.1  Sensitivity to the patient arrival rate
--------------------------------------------------
  arrival-rate multipliers               -15%, -12%, -9%, -6%, -3%, +0%, +3%, +6%, +9%, +12%, +15% 
  How far each scenario pushes the system
  arrival change  scale  analytic offered load rho
  --------------  -----  -------------------------
            -15%  0.850                     0.7395
            -12%  0.880                     0.7656
             -9%  0.910                     0.7917
             -6%  0.940                     0.8178
             -3%  0.970                     0.8439
             +0%  1.000                     0.8700
             +3%  1.030                     0.8961
             +6%  1.060                     0.9222
             +9%  1.090                     0.9483
            +12%  1.120                     0.9744
            +15%  1.150                     1.0005

  arrival sweep              [##################################]  5500/5500  100.0%   82.6s elapsed,   0.0s left  
  arrival sweep: 82.6 s

  Mean waiting time per patient (min) by arrival rate
  arrival change    rho     IFP     ALT     SBP   WSEPT    GCMU  unfinished (SBP)
  --------------  -----  ------  ------  ------  ------  ------  ----------------
            -15%  0.739   13.30   11.66   11.75   11.71   11.94                 8
            -12%  0.766   17.32   14.91   15.01   14.96   15.31                11
             -9%  0.792   22.49   19.01   19.20   19.03   19.57                12
             -6%  0.818   29.33   24.44   24.77   24.39   25.21                14
             -3%  0.844   38.40   31.54   32.38   31.54   32.66                17
             +0%  0.870   52.43   42.39   44.08   42.32   44.05                20
             +3%  0.896   68.87   55.04   58.22   54.88   57.31                27
             +6%  0.922   87.46   69.27   74.45   69.08   72.41                35
             +9%  0.948  114.35   89.79   98.78   89.71   94.08                44
            +12%  0.974  163.02  127.24  143.95  127.15  133.56                58
            +15%  1.000  240.44  187.28  218.63  187.05  196.80                89

  IFP wait, lightest -> heaviest load    13.30 -> 240.44 min (18.1x) 
  policy spread at the lightest load     1.64 min 
  policy spread at the heaviest load     53.39 min 

  [OK] Policies are nearly interchangeable under light load and diverge sharply as the system saturates -- the paper's Figure 4 finding, reproduced.


3.4.2  Sensitivity to physician staffing (Table 10, S0-S6)
--------------------------------------------------------------
  scenario  roster (M,A,N)  physician-hours/week  offered load rho
  --------  --------------  --------------------  ----------------
  S0        (5, 5, 3)                        714            0.8700
  S1        (5, 5, 4)                        777            0.7995
  S2        (5, 5, 5)                        840            0.7395
  S3        (5, 6, 5)                        889            0.6987
  S4        (5, 7, 5)                        938            0.6622
  S5        (6, 7, 5)                        994            0.6249
  S6        (7, 7, 5)                       1050            0.5916

  staffing sweep             [##################################]  3500/3500  100.0%   47.1s elapsed,   0.0s left  
  staffing sweep: 47.2 s

  Mean waiting time per patient (min) by staffing scenario
  scenario  roster       IFP    ALT    SBP  WSEPT   GCMU  util % (SBP)  SL4 % (SBP)
  --------  ---------  -----  -----  -----  -----  -----  ------------  -----------
  S0        (5, 5, 3)  52.43  42.39  44.08  42.32  44.05          86.3        89.40
  S1        (5, 5, 4)  42.60  34.76  35.14  34.53  35.89          79.5        93.89
  S2        (5, 5, 5)  38.06  31.00  31.22  30.94  32.10          73.7        96.11
  S3        (5, 6, 5)  19.48  16.47  16.35  16.37  16.83          69.8        99.62
  S4        (5, 7, 5)  13.50  11.46  11.45  11.48  11.75          66.1        99.89
  S5        (6, 7, 5)   4.60   4.30   4.32   4.31   4.33          62.4       100.00
  S6        (7, 7, 5)   2.40   2.34   2.38   2.38   2.37          59.1       100.00

  policy spread, scarcest staffing       10.11 min 
  policy spread, richest staffing        0.05 min 
  [OK] The choice of scheduling policy matters most when physicians are scarce and washes out once capacity is ample -- the paper's Figure 5 finding, reproduced.


3.4.3  Robustness to the service-time distribution
------------------------------------------------------
  Replacing TruncExp with a truncated lognormal calibrated to the same nominal means (sigma = 0.3). The lognormal has a heavier right tail, which queueing theory says should raise congestion; the question is whether it changes the RANKING.

  truncexp                   [##################################]   500/500   100.0%    5.6s elapsed,   0.0s left  
  trunclognormal             [##################################]   500/500   100.0%    7.4s elapsed,   0.0s left  
  distribution comparison: 13.0 s

  Effect of swapping the consultation-time distribution
  policy  TruncExp wait  Lognormal wait  change  relative  SL4 % (exp)  SL4 % (lognormal)
  ------  -------------  --------------  ------  --------  -----------  -----------------
  IFP             52.43           75.43  +23.00    +43.9%       100.00             100.00
  ALT             42.39           64.42  +22.04    +52.0%        87.37              76.65
  SBP             44.08           67.70  +23.62    +53.6%        89.40              80.57
  WSEPT           42.32           64.46  +22.14    +52.3%        86.87              75.69
  GCMU            44.05           66.42  +22.37    +50.8%        90.99              82.48

  ranking under TruncExp                 WSEPT < ALT < GCMU < SBP < IFP 
  ranking under truncated lognormal      ALT < WSEPT < GCMU < SBP < IFP 

  [!!] The ranking changed between the two service-time distributions. Any conclusion about which policy is best must therefore be stated together with the distributional assumption it rests on.


Outputs
--------------------
  saved -> results/tables/sens_arrival_rate.csv
  saved -> results/figures/sens_arrival_rate.png
  saved -> results/tables/sens_staffing.csv
  saved -> results/figures/sens_staffing.png
  saved -> results/tables/sens_service_distribution.csv
  saved -> results/figures/sens_lognormal_bars.png
  provenance appended to results/PROVENANCE.md

  [OK] Sensitivity study complete. Next: python scripts/run_08_final_comparison.py


================================================================================
  FINAL CONSOLIDATED COMPARISON -- PAPER vs OUR EXTENSIONS
  run_08_final_comparison.py  |  all work packages, one table
================================================================================

Run settings
--------------------
  replications per policy                100 
  base seed                              20250402 
  worker processes                       14 
  horizon                                10080 min  (1 operational week)
  quick mode                             off 
  policies                               IFP, ALT, SBP, SBP*, WSEPT, GCMU 
  WP3 optimum available                  yes 

Simulating 6 policies x 100 replications under common random numbers
------------------------------------------------------------------------

  final comparison           [##################################]   600/600   100.0%   10.3s elapsed,   0.0s left  
  simulation: 10.3 s


MASTER TABLE  All policies, all KPIs
----------------------------------------
  policy  origin                                W_total     sd  95% CI           W_L3   W_L4  holding cost   SL3 %   SL4 %  util %  meets SLA
  ------  ------------------------------------  -------  -----  --------------  -----  -----  ------------  ------  ------  ------  ---------
  IFP     base paper                              52.43  14.10  [49.63, 55.22]  50.88  52.94        0.7550  100.00  100.00   86.36  yes      
  ALT     base paper                              42.39  10.70  [40.26, 44.51]   6.05  54.61        0.3913   99.96   87.37   86.34  NO       
  SBP     base paper (k=13.1, 2.1)                44.08  11.91  [41.72, 46.44]  12.35  54.74        0.4450   99.99   89.40   86.34  NO       
  SBP*    ours, WP3 Nelder-Mead (k=2.31, 8.37)    44.18  11.95  [41.81, 46.55]  14.14  54.27        0.4570   95.42   95.64   86.34  yes      
  WSEPT   ours, WP2 c-mu rule                     42.32  10.63  [40.21, 44.43]   3.76  55.30        0.3763  100.00   86.87   86.34  NO       
  GCMU    ours, WP2 generalised c-mu              44.05  11.30  [41.81, 46.29]  14.59  53.94        0.4588  100.00   90.99   86.35  NO       


Improvement over the paper's IFP baseline
---------------------------------------------
  policy  W_total (min)  vs IFP (min)  vs IFP (%)  holding cost vs IFP  meets SLA
  ------  -------------  ------------  ----------  -------------------  ---------
  ALT             42.39        -10.04     -19.15%              -48.16%  NO       
  SBP             44.08         -8.35     -15.92%              -41.06%  NO       
  SBP*            44.18         -8.25     -15.73%              -39.46%  yes      
  WSEPT           42.32        -10.11     -19.28%              -50.15%  NO       
  GCMU            44.05         -8.38     -15.98%              -39.23%  NO       

  The paper reports a 23.8% reduction from IFP to its tuned SBP. On our rebuilt model the same comparison gives -15.9%, and our re-tuned SBP* gives -15.7% while also satisfying the service-level constraint that the paper's thresholds miss on our system.


Full pairwise significance (paired t-tests, Bonferroni)
-----------------------------------------------------------
  comparisons                            15 
  Bonferroni-adjusted alpha              0.00333 

  comparison     mean diff  95% CI of diff           t          p  significant  Cohen's d  interpretation   
  -------------  ---------  -----------------  -------  ---------  -----------  ---------  -----------------
  IFP vs ALT       +10.042  [+8.981, +11.102]   28.471  1.774e-49  Yes             +2.847  Huge effect      
  IFP vs SBP        +8.346  [+7.601, +9.090]    33.734  4.294e-56  Yes             +3.373  Huge effect      
  IFP vs SBP*       +8.246  [+7.520, +8.973]    34.140  1.442e-56  Yes             +3.414  Huge effect      
  IFP vs WSEPT     +10.108  [+9.017, +11.199]   27.865  1.180e-48  Yes             +2.786  Huge effect      
  IFP vs GCMU       +8.378  [+7.501, +9.255]    28.731  7.928e-50  Yes             +2.873  Huge effect      
  ALT vs SBP        -1.696  [-2.136, -1.255]   -11.577  4.145e-20  Yes             -1.158  Large effect     
  ALT vs SBP*       -1.795  [-2.247, -1.344]   -11.961  6.203e-21  Yes             -1.196  Large effect     
  ALT vs WSEPT      +0.066  [-0.032, +0.165]     2.025    0.04553  No              +0.203  Small effect     
  ALT vs GCMU       -1.664  [-1.868, -1.460]   -24.507  7.946e-44  Yes             -2.451  Very large effect
  SBP vs SBP*       -0.099  [-0.155, -0.044]    -5.372  5.168e-07  Yes             -0.537  Medium effect    
  SBP vs WSEPT      +1.762  [+1.313, +2.212]    11.794  1.418e-20  Yes             +1.179  Large effect     
  SBP vs GCMU       +0.032  [-0.273, +0.337]     0.315    0.75312  No              +0.032  Negligible       
  SBP* vs WSEPT     +1.861  [+1.400, +2.323]    12.127  2.743e-21  Yes             +1.213  Very large effect
  SBP* vs GCMU      +0.131  [-0.182, +0.445]     1.260    0.21079  No              +0.126  Negligible       
  WSEPT vs GCMU     -1.730  [-1.962, -1.498]   -22.458  1.218e-40  Yes             -2.246  Very large effect


VERDICT  Three lenses, because 'best' depends on the objective
------------------------------------------------------------------
  LENS 1  shortest unweighted mean wait  WSEPT   (42.32 min, SL4 86.9%) 
  LENS 2  lowest c-weighted holding cost WSEPT   (0.3763) 
  LENS 3  fastest policy that MEETS the SLA SBP*   (44.18 min, SL3 95.42%, SL4 95.64%) 

  These three answers differ, and that is the substantive result. The base paper reports a single winner because it evaluates a single metric on a system where its tuned thresholds happened to satisfy the constraint. On our rebuild the constraint bites, and the policy that minimises average waiting is not the policy a hospital could actually adopt.


Equipment utilisation (unchanged by scheduling, paper Table 9)
------------------------------------------------------------------
  equipment   exams/week  utilisation %  paper %  mean queue delay (min)
  ----------  ----------  -------------  -------  ----------------------
  LABORATORY        1248          14.73    14.36                   0.074
  XRAY               394          15.59    15.20                   0.427
  CT                 748          18.18    17.64                   0.287
  ULTRASOUND         297          19.41    19.03                   0.977


Writing results/RESULTS_SUMMARY.md
--------------------------------------
  saved -> results/RESULTS_SUMMARY.md


Rendering figures
---------------------


Outputs
--------------------
  saved -> results/tables/final_master_comparison.csv
  saved -> results/tables/final_improvement_vs_baseline.csv
  saved -> results/tables/final_significance_matrix.csv
  saved -> results/tables/final_equipment.csv
  saved -> results/raw/final_replications.csv
  saved -> results/figures/final_boxplot.png
  saved -> results/figures/final_mean_wait.png
  saved -> results/figures/final_tradeoff.png
  provenance appended to results/PROVENANCE.md

  [OK] Final comparison complete. See results/RESULTS_SUMMARY.md and results/PROVENANCE.md


================================================================================
  EMERGENCY DEPARTMENT PATIENT-FLOW STUDY -- FULL PIPELINE
  run_all.py  |  every work package, in dependency order
================================================================================

Plan
--------------------
  [1] run_01_validate_paper              WP1  rebuild and validate the base paper 
  [2] run_02_grid_search                      the paper's brute-force grid search 
  [3] run_03_wsept_policy                WP2  c-mu / WSEPT policies 
  [4] run_04_nelder_mead                 WP3  Nelder-Mead vs grid search  (needs 2) 
  [5] run_05_staffing_cost               WP4  cost-optimal staffing  (needs 4) 
  [6] run_06_crn_variance                WP5  common random numbers 
  [7] run_07_sensitivity                      sensitivity and robustness 
  [8] run_08_final_comparison                 consolidated final comparison  (needs 4) 
  mode                                   FULL 
  replications                           100 
  workers                                14 



================================================================================
  [1]  run_01_validate_paper.py
  WP1  rebuild and validate the base paper
================================================================================
  [OK] run_01_validate_paper finished in 19.7s


================================================================================
  [2]  run_02_grid_search.py
       the paper's brute-force grid search
================================================================================
  [OK] run_02_grid_search finished in 675.0s


================================================================================
  [3]  run_03_wsept_policy.py
  WP2  c-mu / WSEPT policies
================================================================================
  [OK] run_03_wsept_policy finished in 18.7s


================================================================================
  [4]  run_04_nelder_mead.py
  WP3  Nelder-Mead vs grid search
================================================================================
  [OK] run_04_nelder_mead finished in 191.3s


================================================================================
  [5]  run_05_staffing_cost.py
  WP4  cost-optimal staffing
================================================================================
  [OK] run_05_staffing_cost finished in 221.0s


================================================================================
  [6]  run_06_crn_variance.py
  WP5  common random numbers
================================================================================
  [OK] run_06_crn_variance finished in 23.0s


================================================================================
  [7]  run_07_sensitivity.py
       sensitivity and robustness
================================================================================
  [OK] run_07_sensitivity finished in 154.8s


================================================================================
  [8]  run_08_final_comparison.py
       consolidated final comparison
================================================================================
  [OK] run_08_final_comparison finished in 16.4s


================================================================================
  PIPELINE COMPLETE
  total wall-clock 1319.9 s
================================================================================
  #  script                   status  seconds
  -  -----------------------  ------  -------
  1  run_01_validate_paper    ok         19.7
  2  run_02_grid_search       ok        675.0
  3  run_03_wsept_policy      ok         18.7
  4  run_04_nelder_mead       ok        191.3
  5  run_05_staffing_cost     ok        221.0
  6  run_06_crn_variance      ok         23.0
  7  run_07_sensitivity       ok        154.8
  8  run_08_final_comparison  ok         16.4


Where everything went
-------------------------
  tables (CSV + Markdown)                C:\Buet\CSE 402\project\edsim\results\tables 
  figures (PNG + PDF)                    C:\Buet\CSE 402\project\edsim\results\figures 
  per-replication data + manifests       C:\Buet\CSE 402\project\edsim\results\raw 
  headline digest                        C:\Buet\CSE 402\project\edsim\results\RESULTS_SUMMARY.md 
  full provenance log                    C:\Buet\CSE 402\project\edsim\results\PROVENANCE.md 

  [OK] All scripts completed successfully.

